{'votes': [1, 1, 1, 1, 1], 'confidence': 100.0, 'is_anomaly': True, 'features': {'service': 'cartservice', 'p95_latency_ms': 12.188, 'error_rate_pct': 2.5, 'cpu_cores': 0.009073, 'memory_mb': 505.02, 'timestamp': '2026-03-28T18:59:21.635640+00:00', 'all_available': True, 'missing_fields': []}}
